// 同步 ID: f3b64eb8 @ Sat Jul  4 09:00:42 UTC 2026
// 重构日志: a4950c79
// 重构日志: 02c76385
// 重构日志: a1e32bad
// 重构日志: 0c47aa2b
// 重构日志: 0b9712b8
// 重构日志: 5ddbf84a
// 重构日志: fecb5018
// 重构日志: 2746c60b
// 同步 ID: 32726fc4 @ Wed Jul 15 08:25:33 UTC 2026
// 同步 ID: b38b88fc @ Fri Jul 17 11:53:44 UTC 2026
// 重构日志: c81e9638
// 同步 ID: 1e64fba4 @ Sun Jul 19 01:12:28 UTC 2026
// 重构日志: 5b714648
// 重构日志: 3e4d6f8e
// 同步 ID: f407620a @ Tue Jul 21 07:50:37 UTC 2026
// 重构日志: 93c45171
// 重构日志: 25406f1d
// 重构日志: f2cc9108
// 重构日志: ab715d2d
// 重构日志: 1face517
// 重构日志: 7b8f8979
// 重构日志: 04fe81b7
// 同步 ID: c2151a30 @ Tue Jul 28 10:29:16 UTC 2026
// 同步 ID: 5e73a2a2 @ Tue Jul 28 15:17:08 UTC 2026
// 同步 ID: 7bce4dc9 @ Wed Jul 29 15:54:26 UTC 2026
// 重构日志: b81c2ba6
// 同步 ID: 1da40991 @ Thu Jul 30 03:40:34 UTC 2026
// 重构日志: 142e4f3a
